// Jest Snapshot v1, https://goo.gl/fbAQLP

exports[`Компонент без ошибок 1`] = `
<h1
  className="text text_type_main-small mt-4 text_color_inactive"
>
  Тест
</h1>
`;
